<?xml version="1.0" encoding="utf-8" ?>
<result>
	<row>
		<type>metric</type>
		<category>Visitors</category>
		<name>Actions In Visit</name>
		<segment>actions</segment>
	</row>
	<row>
		<type>metric</type>
		<category>Visitors</category>
		<name>Days since first visit</name>
		<segment>daysSinceFirstVisit</segment>
	</row>
	<row>
		<type>metric</type>
		<category>Visitors</category>
		<name>Days since last Ecommerce order</name>
		<segment>daysSinceLastEcommerceOrder</segment>
	</row>
	<row>
		<type>metric</type>
		<category>Visitors</category>
		<name>Events</name>
		<segment>events</segment>
		<acceptedValues>To select all visits who triggered an Event, use: &amp;segment=events&gt;0</acceptedValues>
	</row>
	<row>
		<type>metric</type>
		<category>Visitors</category>
		<name>Local time - minute (Start of visit)</name>
		<segment>visitLocalMinute</segment>
		<acceptedValues>0, 1, 2, 3, ..., 67, 57, 58, 59</acceptedValues>
	</row>
	<row>
		<type>metric</type>
		<category>Visitors</category>
		<name>Number of Interactions</name>
		<segment>interactions</segment>
		<acceptedValues>Any positive integer</acceptedValues>
	</row>
	<row>
		<type>metric</type>
		<category>Visitors</category>
		<name>Number of Internal Searches</name>
		<segment>searches</segment>
		<acceptedValues>To select all visits who used internal Site Search, use: &amp;segment=searches&gt;0</acceptedValues>
	</row>
	<row>
		<type>metric</type>
		<category>Visitors</category>
		<name>Number of visits</name>
		<segment>visitCount</segment>
	</row>
	<row>
		<type>metric</type>
		<category>Visitors</category>
		<name>Visit Duration (in seconds)</name>
		<segment>visitDuration</segment>
	</row>
	<row>
		<type>metric</type>
		<category>Visitors</category>
		<name>Visitor IP</name>
		<segment>visitIp</segment>
		<acceptedValues>13.54.122.1. &lt;/code&gt;Select IP ranges with notation: &lt;code&gt;visitIp&gt;13.54.122.0;visitIp&lt;13.54.122.255</acceptedValues>
		<permission>1</permission>
	</row>
	<row>
		<type>metric</type>
		<category>Visitors</category>
		<name>Visits by days since last visit</name>
		<segment>daysSinceLastVisit</segment>
	</row>
	<row>
		<type>dimension</type>
		<category>Visitors</category>
		<name>Browser</name>
		<segment>browserName</segment>
		<acceptedValues>FireFox, Internet Explorer, Chrome, Safari, Opera etc.</acceptedValues>
	</row>
	<row>
		<type>dimension</type>
		<category>Visitors</category>
		<name>Browser code</name>
		<segment>browserCode</segment>
		<acceptedValues>FF, IE, CH, SF, OP etc.</acceptedValues>
	</row>
	<row>
		<type>dimension</type>
		<category>Visitors</category>
		<name>Browser engine</name>
		<segment>browserEngine</segment>
		<acceptedValues>Trident, WebKit, Presto, Gecko, Blink, etc.</acceptedValues>
		<suggestedValuesCallback>\DeviceDetector\Parser\Client\Browser\Engine::getAvailableEngines</suggestedValuesCallback>
	</row>
	<row>
		<type>dimension</type>
		<category>Visitors</category>
		<name>Browser version</name>
		<segment>browserVersion</segment>
		<acceptedValues>1.0, 8.0, etc.</acceptedValues>
	</row>
	<row>
		<type>dimension</type>
		<category>Visitors</category>
		<name>Device brand</name>
		<segment>deviceBrand</segment>
		<acceptedValues>3Q, 4Good, Ace, Acer, Advan, Advance, AGM, Ainol, Airness, Airties, AIS, Aiwa, Akai, Alba, Alcatel, Aligator, AllCall, AllDocube, Allview, Allwinner, Altech UEC, altron, Amazon, AMGOO, Amoi, ANS, Apple, Archos, Arian Space, Ark, Arnova, ARRIS, Ask, Assistant, Asus, Atom, Audiovox, AVH, Avvio, Axxion, Azumi Mobile, BangOlufsen, Barnes &amp; Noble, BBK, BDF, Becker, Beeline, Beetel, BenQ, BenQ-Siemens, Bezkam, BGH, Bird, Bitel, Black Fox, Blackview, Blaupunkt, Blu, Bluboo, Bluegood, Bmobile, bogo, Boway, bq, Bravis, Brondi, Bush, CAGI, Capitel, Captiva, Carrefour, Casio, Casper, Cat, Celkon, Changhong, Cherry Mobile, China Mobile, Chuwi, Clarmin, CnM, Coby Kyros, Comio, Compal, Compaq, ComTrade Tesla, Concord, ConCorde, Condor, Coolpad, Cowon, CreNova, Crescent, Cricket, Crius Mea, Crosscall, Cube, CUBOT, CVTE, Cyrus, Daewoo, Danew, Datang, Datsun, Dbtel, Dell, Denver, Desay, DeWalt, DEXP, Dialog, Dicam, Digi, Digicel, Digiland, Digma, Divisat, DMM, DNS, DoCoMo, Doogee, Doov, Dopod, Doro, Dune HD, E-Boda, E-tel, Easypix, EBEST, Echo Mobiles, ECS, EE, EKO, Eks Mobility, Elenberg, Elephone, Energizer, Energy Sistem, Ergo, Ericsson, Ericy, Essential, Essentielb, Eton, eTouch, Etuline, Eurostar, Evercoss, Evertek, Evolio, Evolveo, EvroMedia, Explay, Extrem, Ezio, Ezze, Fairphone, Famoco, Fengxiang, FiGO, FinePower, Fly, FNB, Fondi, FORME, Forstar, Foxconn, Freetel, Fujitsu, G-TiDE, Garmin-Asus, Gateway, Gemini, General Mobile, Geotel, Ghia, Ghong, Gigabyte, Gigaset, Ginzzu, Gionee, Globex, GOCLEVER, Goly, GoMobile, Google, Gradiente, Grape, Grundig, Hafury, Haier, HannSpree, Hasee, Hi-Level, Highscreen, Hisense, Hoffmann, Homtom, Hoozo, Hosin, HP, HTC, Huawei, Humax, Hyrican, Hyundai, i-Joy, i-mate, i-mobile, iBall, iBerry, IconBIT, iHunt, Ikea, iKoMo, iLA, IMO Mobile, Impression, iNew, Infinix, InFocus, Inkti, InnJoo, Innostream, Inoi, INQ, Insignia, Intek, Intex, Inverto, iOcean, iPro, Irbis, iRola, iRulu, iTel, iView, iZotron, JAY-Tech, Jiayu, Jolla, Just5, K-Touch, Kaan, Kaiomy, Kalley, Kanji, Karbonn, KATV1, Kazam, KDDI, Kempler &amp; Strauss, Keneksi, Kiano, Kingsun, Kivi, Kocaso, Kodak, Kogan, Komu, Konka, Konrow, Koobee, KOPO, Koridy, KRONO, Krüger&amp;Matz, KT-Tech, Kumai, Kyocera, LAIQ, Land Rover, Landvo, Lanix, Lark, Lava, LCT, Leagoo, Ledstar, LeEco, Lemhoov, Lenco, Lenovo, Leotec, Le Pan, Lephone, Lexand, Lexibook, LG, Lingwin, Loewe, Logicom, Lumus, Luna, LYF, M.T.T., M4tel, Majestic, Mann, Manta Multimedia, Masstel, Maxcom, Maxwest, Maze, Mecer, Mecool, Mediacom, MediaTek, Medion, MEEG, MegaFon, Meitu, Meizu, Memup, Metz, MEU, MicroMax, Microsoft, Mio, Miray, Mitsubishi, MIXC, MLLED, Mobicel, Mobiistar, Mobiola, Mobistel, Modecom, Mofut, Motorola, Movic, Mpman, MSI, MTC, MTN, MYFON, MyPhone, Myria, Mystery, MyWigo, National, Navon, NEC, Neffos, Netgear, NeuImage, Newgen, NewsMy, NEXBOX, Nexian, Nextbit, NextBook, NGM, NG Optics, Nikon, Nintendo, NOA, Noain, Nobby, Noblex, Nokia, Nomi, Nous, NUU Mobile, Nuvo, Nvidia, NYX Mobile, O+, O2, Obi, Odys, Onda, OnePlus, OPPO, Opsson, Orange, Ordissimo, Ouki, Oukitel, OUYA, Overmax, Oysters, Palm, Panacom, Panasonic, Pantech, PCBOX, PCD, PCD Argentina, PEAQ, Pentagram, Philips, phoneOne, Pioneer, Pixus, Ployer, Plum, Point of View, Polaroid, PolyPad, Polytron, Pomp, Positivo, PPTV, Prestigio, Primepad, Proline, ProScan, PULID, Q-Touch, Qilive, QMobile, Qtek, Quantum, Quechua, Qumo, R-TV, Ramos, RCA Tablets, Readboy, Rikomagic, RIM, Rinno, Ritmix, Ritzviva, Riviera, Roadrover, Rokit, Roku, Rombica, Ross&amp;Moor, Rover, RoverPad, RT Project, RugGear, Runbo, Safaricom, Sagem, Samsung, Sanei, Santin, Sanyo, Savio, Sega, Selevision, Selfix, Sencor, Sendo, Senseit, Senwa, SFR, Sharp, Shift Phones, Shuttle, Siemens, Sigma, Silent Circle, Simbans, Sky, Skyworth, Smart, Smartfren, Smartisan, Softbank, Sonim, Sony, Sony Ericsson, Spectrum, Spice, Star, Starway, STF Mobile, STK, Stonex, Storex, Sumvision, SunVan, Sunvell, SuperSonic, Supra, SWISSMOBILITY, Symphony, Syrox, T-Mobile, TB Touch, TCL, TechniSat, TechnoTrend, TechPad, Teclast, Tecno Mobile, Telefunken, Telego, Telenor, Telit, Tesco, Tesla, teXet, ThL, Thomson, TIANYU, Timovi, TiPhone, Tolino, Tooky, Top House, Toplux, Toshiba, Touchmate, TrekStor, Trevi, True, Tunisie Telecom, Turbo, Turbo-X, TVC, U.S. Cellular, Ugoos, Uhappy, Ulefone, Umax, UMIDIGI, Unihertz, Unimax, Uniscope, Unknown, Unnecto, Unonu, Unowhy, UTOK, UTStarcom, Vastking, Venso, Verizon, Vernee, Vertex, Vertu, Verykool, Vesta, Vestel, VGO TEL, Videocon, Videoweb, ViewSonic, Vinga, Vinsoc, Vitelcom, Vivax, Vivo, Vizio, VK Mobile, Vodafone, Vonino, Vorago, Voto, Voxtel, Vsun, Vulcan, Walton, Web TV, Weimei, WellcoM, Wexler, Wieppo, Wiko, Wileyfox, Wink, Wolder, Wolfgang, Wonu, Woo, Woxter, X-TIGI, X-View, Xiaolajiao, Xiaomi, Xion, Xolo, Xoro, Yandex, Yarvik, Yes, Yezz, Yota, Ytone, Yu, Yuandao, Yusun, Yxtel, Zeemi, Zen, Zenek, Zonda, Zopo, ZTE, Zuum, Zync, ZYQ, öwn</acceptedValues>
	</row>
	<row>
		<type>dimension</type>
		<category>Visitors</category>
		<name>Device model</name>
		<segment>deviceModel</segment>
		<acceptedValues>iPad, Nexus 5, Galaxy S5, Fire TV, etc.</acceptedValues>
	</row>
	<row>
		<type>dimension</type>
		<category>Visitors</category>
		<name>Device type</name>
		<segment>deviceType</segment>
		<acceptedValues>desktop, smartphone, tablet, feature phone, console, tv, car browser, smart display, camera, portable media player, phablet, smart speaker</acceptedValues>
	</row>
	<row>
		<type>dimension</type>
		<category>Visitors</category>
		<name>Fingerprint</name>
		<segment>fingerprint</segment>
		<acceptedValues>1eceaa833348b187 - any 16 Hexadecimal chars ID, which can be fetched from API.getLastVisitsDetails</acceptedValues>
		<permission>1</permission>
	</row>
	<row>
		<type>dimension</type>
		<category>Visitors</category>
		<name>Local time - hour (Start of visit)</name>
		<segment>visitLocalHour</segment>
		<acceptedValues>0, 1, 2, 3, ..., 20, 21, 22, 23</acceptedValues>
	</row>
	<row>
		<type>dimension</type>
		<category>Visitors</category>
		<name>Operating system</name>
		<segment>operatingSystemName</segment>
		<acceptedValues>Windows, Linux, Mac, Android, iOS etc.</acceptedValues>
	</row>
	<row>
		<type>dimension</type>
		<category>Visitors</category>
		<name>Operating system code</name>
		<segment>operatingSystemCode</segment>
		<acceptedValues>WIN, LIN, MAX, AND, IOS etc.</acceptedValues>
	</row>
	<row>
		<type>dimension</type>
		<category>Visitors</category>
		<name>Operating system version</name>
		<segment>operatingSystemVersion</segment>
		<acceptedValues>XP, 7, 2.3, 5.1, ...</acceptedValues>
	</row>
	<row>
		<type>dimension</type>
		<category>Visitors</category>
		<name>Resolution</name>
		<segment>resolution</segment>
		<acceptedValues>1280x1024, 800x600, etc.</acceptedValues>
	</row>
	<row>
		<type>dimension</type>
		<category>Visitors</category>
		<name>Server time - date (End of visit)</name>
		<segment>visitEndServerDate</segment>
		<acceptedValues>2018-12-31, 2018-03-20, ...</acceptedValues>
	</row>
	<row>
		<type>dimension</type>
		<category>Visitors</category>
		<name>Server time - day of month (End of visit)</name>
		<segment>visitEndServerDayOfMonth</segment>
		<acceptedValues>0, 1, 2, 3, ..., 29, 30, 31</acceptedValues>
	</row>
	<row>
		<type>dimension</type>
		<category>Visitors</category>
		<name>Server time - day of week (End of visit)</name>
		<segment>visitEndServerDayOfWeek</segment>
		<acceptedValues>1, 2, 3, 4, 5, 6, 7</acceptedValues>
	</row>
	<row>
		<type>dimension</type>
		<category>Visitors</category>
		<name>Server time - day of year (End of visit)</name>
		<segment>visitEndServerDayOfYear</segment>
		<acceptedValues>1, 2, 3, 4, ..., 365, 366</acceptedValues>
	</row>
	<row>
		<type>dimension</type>
		<category>Visitors</category>
		<name>Server time - hour (End of visit)</name>
		<segment>visitServerHour</segment>
		<acceptedValues>0, 1, 2, 3, ..., 20, 21, 22, 23</acceptedValues>
	</row>
	<row>
		<type>dimension</type>
		<category>Visitors</category>
		<name>Server time - hour (Start of visit)</name>
		<segment>visitStartServerHour</segment>
		<acceptedValues>0, 1, 2, 3, ..., 20, 21, 22, 23</acceptedValues>
	</row>
	<row>
		<type>dimension</type>
		<category>Visitors</category>
		<name>Server time - minute (End of visit)</name>
		<segment>visitEndServerMinute</segment>
		<acceptedValues>0, 1, 2, 3, ..., 56, 57, 58, 59</acceptedValues>
	</row>
	<row>
		<type>dimension</type>
		<category>Visitors</category>
		<name>Server time - minute (Start of visit)</name>
		<segment>visitStartServerMinute</segment>
		<acceptedValues>0, 1, 2, 3, ..., 56, 57, 58, 59</acceptedValues>
	</row>
	<row>
		<type>dimension</type>
		<category>Visitors</category>
		<name>Server time - month (End of visit)</name>
		<segment>visitEndServerMonth</segment>
		<acceptedValues>1, 2, 3, ..., 11, 12</acceptedValues>
	</row>
	<row>
		<type>dimension</type>
		<category>Visitors</category>
		<name>Server time - quarter (End of visit)</name>
		<segment>visitEndServerQuarter</segment>
		<acceptedValues>1, 2, 3, 4</acceptedValues>
	</row>
	<row>
		<type>dimension</type>
		<category>Visitors</category>
		<name>Server time - second (End of visit)</name>
		<segment>visitEndServerSecond</segment>
		<acceptedValues>0, 1, 2, 3, ..., 58, 59</acceptedValues>
	</row>
	<row>
		<type>dimension</type>
		<category>Visitors</category>
		<name>Server time - week of year (End of visit)</name>
		<segment>visitEndServerWeekOfYear</segment>
		<acceptedValues>1, 2, 3, 4, ..., 51, 52, 53</acceptedValues>
	</row>
	<row>
		<type>dimension</type>
		<category>Visitors</category>
		<name>Server time - year (End of visit)</name>
		<segment>visitEndServerYear</segment>
		<acceptedValues>2016, 2017, 2018, ..., 9998, 9999</acceptedValues>
	</row>
	<row>
		<type>dimension</type>
		<category>Visitors</category>
		<name>User ID</name>
		<segment>userId</segment>
		<acceptedValues>any non empty unique string identifying the user (such as an email address or a username).</acceptedValues>
		<permission>1</permission>
	</row>
	<row>
		<type>dimension</type>
		<category>Visitors</category>
		<name>Visit Ecommerce status at the end of the visit</name>
		<segment>visitEcommerceStatus</segment>
		<acceptedValues>none, ordered, abandonedCart, orderedThenAbandonedCart. For example, to select all visits that have made an Ecommerce order, the API request would contain &quot;&amp;segment=visitEcommerceStatus==ordered,visitEcommerceStatus==orderedThenAbandonedCart&quot;</acceptedValues>
	</row>
	<row>
		<type>dimension</type>
		<category>Visitors</category>
		<name>Visit ID</name>
		<segment>visitId</segment>
		<acceptedValues>Any integer.</acceptedValues>
		<permission>1</permission>
	</row>
	<row>
		<type>dimension</type>
		<category>Visitors</category>
		<name>Visit converted a specific Goal Id</name>
		<segment>visitConvertedGoalId</segment>
		<acceptedValues>1, 2, 3, etc.</acceptedValues>
	</row>
	<row>
		<type>dimension</type>
		<category>Visitors</category>
		<name>Visit converted at least one Goal</name>
		<segment>visitConverted</segment>
		<acceptedValues>0, 1</acceptedValues>
	</row>
	<row>
		<type>dimension</type>
		<category>Visitors</category>
		<name>Visit type</name>
		<segment>visitorType</segment>
		<acceptedValues>new, returning, returningCustomer. For example, to select all visitors who have returned to the website, including those who have bought something in their previous visits, the API request would contain &quot;&amp;segment=visitorType==returning,visitorType==returningCustomer&quot;</acceptedValues>
	</row>
	<row>
		<type>dimension</type>
		<category>Visitors</category>
		<name>Visitor ID</name>
		<segment>visitorId</segment>
		<acceptedValues>34c31e04394bdc63 - any 16 Hexadecimal chars ID, which can be fetched using the Tracking API function getVisitorId()</acceptedValues>
		<permission>1</permission>
	</row>
	<row>
		<type>dimension</type>
		<category>Visit Location</category>
		<name>City</name>
		<segment>city</segment>
		<acceptedValues>Sydney, Sao Paolo, Rome, etc.</acceptedValues>
	</row>
	<row>
		<type>dimension</type>
		<category>Visit Location</category>
		<name>Continent</name>
		<segment>continentCode</segment>
		<acceptedValues>eur, asi, amc, amn, ams, afr, ant, oce</acceptedValues>
	</row>
	<row>
		<type>dimension</type>
		<category>Visit Location</category>
		<name>Country</name>
		<segment>countryName</segment>
		<acceptedValues>Germany, France, Spain, ...</acceptedValues>
	</row>
	<row>
		<type>dimension</type>
		<category>Visit Location</category>
		<name>Country code</name>
		<segment>countryCode</segment>
		<acceptedValues>ISO 3166-1 alpha-2 country codes (de, us, fr, in, es, etc.)</acceptedValues>
	</row>
	<row>
		<type>dimension</type>
		<category>Visit Location</category>
		<name>Language</name>
		<segment>languageCode</segment>
		<acceptedValues>de, fr, en-gb, zh-cn, etc.</acceptedValues>
	</row>
	<row>
		<type>dimension</type>
		<category>Visit Location</category>
		<name>Latitude</name>
		<segment>latitude</segment>
		<acceptedValues>-33.578, 40.830, etc.&lt;br/&gt;You can select visitors within a lat/long range using &amp;segment=lat&gt;X;lat&lt;Y;long&gt;M;long&lt;N.</acceptedValues>
	</row>
	<row>
		<type>dimension</type>
		<category>Visit Location</category>
		<name>Longitude</name>
		<segment>longitude</segment>
		<acceptedValues>-70.664, 14.326, etc.</acceptedValues>
	</row>
	<row>
		<type>dimension</type>
		<category>Visit Location</category>
		<name>Region</name>
		<segment>regionCode</segment>
		<acceptedValues>01 02, OR, P8, etc.&lt;br/&gt;eg. region=BFC;country=fr</acceptedValues>
	</row>
	<row>
		<type>dimension</type>
		<category>Custom Variables</category>
		<name>Custom Variable name (scope visit)</name>
		<segment>customVariableName</segment>
		<unionOfSegments>
			<row>customVariableName1</row>
			<row>customVariableName2</row>
			<row>customVariableName3</row>
			<row>customVariableName4</row>
			<row>customVariableName5</row>
		</unionOfSegments>
	</row>
	<row>
		<type>dimension</type>
		<category>Custom Variables</category>
		<name>Custom Variable name 1 (scope visit)</name>
		<segment>customVariableName1</segment>
	</row>
	<row>
		<type>dimension</type>
		<category>Custom Variables</category>
		<name>Custom Variable name 2 (scope visit)</name>
		<segment>customVariableName2</segment>
	</row>
	<row>
		<type>dimension</type>
		<category>Custom Variables</category>
		<name>Custom Variable name 3 (scope visit)</name>
		<segment>customVariableName3</segment>
	</row>
	<row>
		<type>dimension</type>
		<category>Custom Variables</category>
		<name>Custom Variable name 4 (scope visit)</name>
		<segment>customVariableName4</segment>
	</row>
	<row>
		<type>dimension</type>
		<category>Custom Variables</category>
		<name>Custom Variable name 5 (scope visit)</name>
		<segment>customVariableName5</segment>
	</row>
	<row>
		<type>dimension</type>
		<category>Custom Variables</category>
		<name>Custom Variable name (scope page)</name>
		<segment>customVariablePageName</segment>
		<unionOfSegments>
			<row>customVariablePageName1</row>
			<row>customVariablePageName2</row>
			<row>customVariablePageName3</row>
			<row>customVariablePageName4</row>
			<row>customVariablePageName5</row>
		</unionOfSegments>
	</row>
	<row>
		<type>dimension</type>
		<category>Custom Variables</category>
		<name>Custom Variable name 1 (scope page)</name>
		<segment>customVariablePageName1</segment>
	</row>
	<row>
		<type>dimension</type>
		<category>Custom Variables</category>
		<name>Custom Variable name 2 (scope page)</name>
		<segment>customVariablePageName2</segment>
	</row>
	<row>
		<type>dimension</type>
		<category>Custom Variables</category>
		<name>Custom Variable name 3 (scope page)</name>
		<segment>customVariablePageName3</segment>
	</row>
	<row>
		<type>dimension</type>
		<category>Custom Variables</category>
		<name>Custom Variable name 4 (scope page)</name>
		<segment>customVariablePageName4</segment>
	</row>
	<row>
		<type>dimension</type>
		<category>Custom Variables</category>
		<name>Custom Variable name 5 (scope page)</name>
		<segment>customVariablePageName5</segment>
	</row>
	<row>
		<type>dimension</type>
		<category>Custom Variables</category>
		<name>Custom Variable value (scope page)</name>
		<segment>customVariablePageValue</segment>
		<unionOfSegments>
			<row>customVariablePageValue1</row>
			<row>customVariablePageValue2</row>
			<row>customVariablePageValue3</row>
			<row>customVariablePageValue4</row>
			<row>customVariablePageValue5</row>
		</unionOfSegments>
	</row>
	<row>
		<type>dimension</type>
		<category>Custom Variables</category>
		<name>Custom Variable value 1 (scope page)</name>
		<segment>customVariablePageValue1</segment>
	</row>
	<row>
		<type>dimension</type>
		<category>Custom Variables</category>
		<name>Custom Variable value 2 (scope page)</name>
		<segment>customVariablePageValue2</segment>
	</row>
	<row>
		<type>dimension</type>
		<category>Custom Variables</category>
		<name>Custom Variable value 3 (scope page)</name>
		<segment>customVariablePageValue3</segment>
	</row>
	<row>
		<type>dimension</type>
		<category>Custom Variables</category>
		<name>Custom Variable value 4 (scope page)</name>
		<segment>customVariablePageValue4</segment>
	</row>
	<row>
		<type>dimension</type>
		<category>Custom Variables</category>
		<name>Custom Variable value 5 (scope page)</name>
		<segment>customVariablePageValue5</segment>
	</row>
	<row>
		<type>dimension</type>
		<category>Custom Variables</category>
		<name>Custom Variable value (scope visit)</name>
		<segment>customVariableValue</segment>
		<unionOfSegments>
			<row>customVariableValue1</row>
			<row>customVariableValue2</row>
			<row>customVariableValue3</row>
			<row>customVariableValue4</row>
			<row>customVariableValue5</row>
		</unionOfSegments>
	</row>
	<row>
		<type>dimension</type>
		<category>Custom Variables</category>
		<name>Custom Variable value 1 (scope visit)</name>
		<segment>customVariableValue1</segment>
	</row>
	<row>
		<type>dimension</type>
		<category>Custom Variables</category>
		<name>Custom Variable value 2 (scope visit)</name>
		<segment>customVariableValue2</segment>
	</row>
	<row>
		<type>dimension</type>
		<category>Custom Variables</category>
		<name>Custom Variable value 3 (scope visit)</name>
		<segment>customVariableValue3</segment>
	</row>
	<row>
		<type>dimension</type>
		<category>Custom Variables</category>
		<name>Custom Variable value 4 (scope visit)</name>
		<segment>customVariableValue4</segment>
	</row>
	<row>
		<type>dimension</type>
		<category>Custom Variables</category>
		<name>Custom Variable value 5 (scope visit)</name>
		<segment>customVariableValue5</segment>
	</row>
	<row>
		<type>metric</type>
		<category>Actions</category>
		<name>Bandwidth</name>
		<segment>bandwidth</segment>
		<acceptedValues>Any number in bytes, eg. 1000</acceptedValues>
	</row>
	<row>
		<type>dimension</type>
		<category>Actions</category>
		<name>Action Type</name>
		<segment>actionType</segment>
		<acceptedValues>A type of action, such as: pageviews, contents, sitesearches, events, outlinks, downloads</acceptedValues>
	</row>
	<row>
		<type>dimension</type>
		<category>Actions</category>
		<name>Action URL</name>
		<segment>actionUrl</segment>
		<unionOfSegments>
			<row>pageUrl</row>
			<row>downloadUrl</row>
			<row>outlinkUrl</row>
			<row>eventUrl</row>
		</unionOfSegments>
	</row>
	<row>
		<type>dimension</type>
		<category>Actions</category>
		<name>Clicked Outlink</name>
		<segment>outlinkUrl</segment>
	</row>
	<row>
		<type>dimension</type>
		<category>Actions</category>
		<name>Content Interaction</name>
		<segment>contentInteraction</segment>
		<acceptedValues>The type of interaction with the content. For instance &quot;click&quot; or &quot;submit&quot;.</acceptedValues>
	</row>
	<row>
		<type>dimension</type>
		<category>Actions</category>
		<name>Content Name</name>
		<segment>contentName</segment>
		<acceptedValues>The name of a content block, for instance &quot;Ad Sale&quot;</acceptedValues>
	</row>
	<row>
		<type>dimension</type>
		<category>Actions</category>
		<name>Content Piece</name>
		<segment>contentPiece</segment>
		<acceptedValues>The actual content. For instance &quot;ad.jpg&quot; or &quot;My text ad&quot;</acceptedValues>
	</row>
	<row>
		<type>dimension</type>
		<category>Actions</category>
		<name>Content Target</name>
		<segment>contentTarget</segment>
		<acceptedValues>For instance the URL of a landing page: &quot;http://landingpage.example.com&quot;</acceptedValues>
	</row>
	<row>
		<type>dimension</type>
		<category>Actions</category>
		<name>Download URL</name>
		<segment>downloadUrl</segment>
	</row>
	<row>
		<type>dimension</type>
		<category>Actions</category>
		<name>Entry Page URL</name>
		<segment>entryPageUrl</segment>
	</row>
	<row>
		<type>dimension</type>
		<category>Actions</category>
		<name>Entry Page title</name>
		<segment>entryPageTitle</segment>
	</row>
	<row>
		<type>dimension</type>
		<category>Actions</category>
		<name>Exit Page Title</name>
		<segment>exitPageTitle</segment>
	</row>
	<row>
		<type>dimension</type>
		<category>Actions</category>
		<name>Exit Page URL</name>
		<segment>exitPageUrl</segment>
	</row>
	<row>
		<type>dimension</type>
		<category>Actions</category>
		<name>Keyword (Site Search)</name>
		<segment>siteSearchKeyword</segment>
	</row>
	<row>
		<type>dimension</type>
		<category>Actions</category>
		<name>Keyword count (Site Search)</name>
		<segment>siteSearchCount</segment>
	</row>
	<row>
		<type>dimension</type>
		<category>Actions</category>
		<name>Page Title</name>
		<segment>pageTitle</segment>
	</row>
	<row>
		<type>dimension</type>
		<category>Actions</category>
		<name>Page URL</name>
		<segment>pageUrl</segment>
		<acceptedValues>All these segments must be URL encoded, for example: http%3A%2F%2Fexample.com%2Fpath%2Fpage%3Fquery</acceptedValues>
	</row>
	<row>
		<type>dimension</type>
		<category>Actions</category>
		<name>Search Category</name>
		<segment>siteSearchCategory</segment>
	</row>
	<row>
		<type>dimension</type>
		<category>Actions</category>
		<name>Server time - hour</name>
		<segment>actionServerHour</segment>
	</row>
	<row>
		<type>dimension</type>
		<category>Actions</category>
		<name>Server time - minute</name>
		<segment>actionServerMinute</segment>
		<acceptedValues>0, 1, 2, 3, ..., 56, 57, 58, 59</acceptedValues>
	</row>
	<row>
		<type>metric</type>
		<category>Events</category>
		<name>Event value</name>
		<segment>eventValue</segment>
	</row>
	<row>
		<type>dimension</type>
		<category>Events</category>
		<name>Event Action</name>
		<segment>eventAction</segment>
	</row>
	<row>
		<type>dimension</type>
		<category>Events</category>
		<name>Event Category</name>
		<segment>eventCategory</segment>
	</row>
	<row>
		<type>dimension</type>
		<category>Events</category>
		<name>Event Name</name>
		<segment>eventName</segment>
	</row>
	<row>
		<type>dimension</type>
		<category>Events</category>
		<name>Event URL</name>
		<segment>eventUrl</segment>
		<acceptedValues>The URL must be URL encoded, for example: http%3A%2F%2Fexample.com%2Fpath%2Fpage%3Fquery</acceptedValues>
	</row>
	<row>
		<type>dimension</type>
		<category>Referrers</category>
		<name>Channel Type</name>
		<segment>referrerType</segment>
		<acceptedValues>direct, search, website, campaign</acceptedValues>
	</row>
	<row>
		<type>dimension</type>
		<category>Referrers</category>
		<name>Keyword</name>
		<segment>referrerKeyword</segment>
		<acceptedValues>Encoded%20Keyword, keyword</acceptedValues>
	</row>
	<row>
		<type>dimension</type>
		<category>Referrers</category>
		<name>Referrer Name</name>
		<segment>referrerName</segment>
		<acceptedValues>twitter.com, www.facebook.com, Bing, Google, Yahoo, CampaignName</acceptedValues>
	</row>
	<row>
		<type>dimension</type>
		<category>Referrers</category>
		<name>Referrer URL</name>
		<segment>referrerUrl</segment>
		<acceptedValues>http%3A%2F%2Fwww.example.org%2Freferer-page.htm</acceptedValues>
	</row>
	<row>
		<type>metric</type>
		<category>Ecommerce</category>
		<name>Order ID</name>
		<segment>orderId</segment>
	</row>
	<row>
		<type>metric</type>
		<category>Ecommerce</category>
		<name>Product Price</name>
		<segment>productPrice</segment>
	</row>
	<row>
		<type>dimension</type>
		<category>Ecommerce</category>
		<name>Product Category</name>
		<segment>productCategory</segment>
		<unionOfSegments>
			<row>productCategory1</row>
			<row>productCategory2</row>
			<row>productCategory3</row>
			<row>productCategory4</row>
			<row>productCategory5</row>
		</unionOfSegments>
	</row>
	<row>
		<type>dimension</type>
		<category>Ecommerce</category>
		<name>Product Name</name>
		<segment>productName</segment>
	</row>
	<row>
		<type>dimension</type>
		<category>Ecommerce</category>
		<name>Product SKU</name>
		<segment>productSku</segment>
	</row>
</result>